[    0.000000] Initializing cgroup subsys cpuset
[    0.000000] Initializing cgroup subsys cpu
[    0.000000] Initializngcgroup subsys cpuacct
[    0.000000] Linux version 4.4.0-154-generic (buildd@lgw01-amd64-049) (gcc version 5.4.0 20160609 (Ubuntu 5.4.0-6ubuntu1~16.04.10) ) #181-Ubuntu SMP Tue Jun 25 05:29:03 UTC 2019 (Ubuntu 4.4.0-154.181-ggeneric 4.4.179)
[    0.000000] Command line: BOOT_IMAGE=/boot/vmlinuz-4.4.0-154-generic root=LABEL=cloudimg-rootfs ro console=tty1 console=ttyS0
[    0.000000] KERNEL supported cpus:
[    0.000000]   Intel GenuineIntel
[    0.000000]   AMD AuthenticAMD
[    0.000000]   Centaur CentaurHauls
[    0.000000] x86/fpu: Legacy x87 FPU detected.
[    0.000000] e820: BIOS-provided physical RAM map:
[    0.000000] BIOS-e820: [mem 0x0000000000000000-0x000000000009fbff] usable
[    0.000000] BIOS-e820: [mem 0x000000000009fc00-0x000000000009ffff] reserved
[    0.000000] BIOS-e820: [mem 0x00000000000f0000-0x00000000000fffff] reserved
[    0.000000] BIOS-e820: [mem 0x0000000000100000-0x000000001ffeffff] usable
[    0.000000] BIOS-e820: [mem 0x000000001fff0000-0x000000001fffffff] ACPI data
[    0.000000] BIOS-e820: [mem 0x00000000fec00000-0x00000000fec00fff] reserved
[    0.000000] BIOS-e820: [mem 0x00000000fee00000-0x00000000fee00fff] reserved
[    0.000000] BIOS-e820: [mem 0x00000000fffc0000-0x00000000ffffffff] reserved
[    0.000000] NX (Execute Disable) protection: active
[    0.000000] SMBIOS 2.5 present.
[    0.000000] Hypervisor detected: KVM
[    0.000000] e820: last_pfn = 0x1fff0 max_arch_pfn = 0x400000000
[    0.000000] MTRR: Disabled
[    0.000000] x86/PAT: MTRRs disabled, skipping PAT initialization too.
[    0.000000] CPU MTRRs all blank - virtualized system.
[    0.000000] x86/PAT: Configuration [0-7]: WB  WT  UC- UC  WB  WT  UC- UC  
[    0.000000] found SMP MP-table at [mem 0x0009fff00x0009ffff] mapped at [ffff88000009fff0]
[    0.000000] Scanning 1 areas for low memory corruption
[    0.000000] RAMDISK: [mem 0x1e8bb000-0x1f735fff]
[    0.000000] ACPI: Early table checksum verification disabled
[    0.000000] ACPI: RSDP 0x00000000000E0000 000024 (v02 VBOX  )
[    0.000000] ACPI: XSDT 0x000000001FFF0030 00003C (v01 VBOX   VBOXXSDT 00000001 ASL  00000061)
[    0.000000] ACPI: FACP 0x000000001FFF00F0 0000F4 (v04 VBOX   VBOXFACP 00000001 ASL  00000061)
[    0.000000] ACPI: DSDT 0x000000001FFF0480 0021FF (v02 VBOX   VBOXBIOS 00000002 INTL 20180105)
[    0.000000] ACPI: FACS 0x000000001FFF0200 000040
[    0.000000] ACPI: FACS 0x000000001FFF0200 000040
[    0.000000] ACPI: APIC 0x000000001FFF0240 00006C (v02 VBOX   VBOXAPIC 00000001 ASL  00000061)
[    0.000000] ACPI: SSDT 0x000000001FFF02B0 0001CC (v01 VBOX   VBOXCPUT 00000002 INTL 20180105)
[    0.000000] No NUMA configuration found
[    0.000000] Faking a node at [mem 0x0000000000000000-0x000000001ffeffff]
[    0.000000] NODE_DATA(0) allocated [mem 0x1ffeb000-0x1ffeffff]
[    0.000000] kvm-clock: Using msrs 4b564d01 and 4b564d00
[    0.000000] kvm-clock: cpu 0, msr 0:1ffe3001, primary cu clock
[    0.000000] kvm-clock: using sched offset of 5249281588 cycles
[    0.000000] clocksource: kvm-clock: mask: 0xffffffffffffffff max_cycles: 0x1cd42e4dffb, max_idle_ns: 881590591483 ns
[    0.000000] Zone ranges:
[    0.000000]   DMA      [mem 0x0000000000001000-0x0000000000ffffff]
[    0.000000]   DMA32    [mem 0x0000000001000000-0x000000001ffeffff]
[    0.000000]   Normal   empty
[    0.000000]   Device   empty
[    0.000000] Movable zone start for each node
[    0.000000] Early memory node ranges
[    0.000000]   node   0: [mem 0x0000000000001000-0x000000000009efff]
[    0.000000]   node   0: [mem 0x0000000000100000-0x000000001ffeffff]
[    0.000000] Initmem setup node 0 [mem 0x0000000000001000-0x000000001ffeffff]
[    0.000000] ACPI: PM-Timer IO Port: 0x4008
[    0.000000] IOAPIC[0]: apic_id 4, version 32, address 0xfec00000, GSI 0-23
[    0.000000] ACPI: INT_SRC_OVR (bus 0 bus_irq 0 global_irq 2 dfl dfl)
[    0.000000] ACPI: INT_SRC_OVR (bus 0 bus_irq 9 global_irq 9 low level)
[    0.000000] Using ACPI (MADT) for SMP configuration information
[    0.000000] smpboot: Allowing 4 CPUs, 0 hotplug CPUs
[    0.000000] PM: Registered nosave memory: [mem 0x00000000-0x00000fff]
[    0.000000] PM: Registered nosave memory: [mem 0x0009f000-0x0009ffff]
[    0.000000] PM: Registered nosave memory: [mem 0x000a0000-0x000effff]
[    0.000000] PM: Registered nosave memory: [mem 0x000f0000-0x000fffff]
[    0.000000] e820: [mem 0x20000000-0xfebfffff] available for PCI devices
[    0.000000] Booting paravirtualized kernel on KVM
[    0.000000] clocksource: refined-jiffies: mask: 0xffffffff max_cycles: 0xffffffff, max_idle_ns: 7645519600211568 ns
[    0.000000] setup_percpu: NR_CPUS:512 nr_cpumask_bits:512 nr_cpu_ids:4 nr_node_ids:1
[    0.000000] PERCPU: Embedded 34 pages/cpu @ffff88001fc000 s99480 r8192 d31592 u524288
[    0.000000] Built 1 zonelists in Node order, mbiity grouping on.  Total pages: 128888
[    0.000000] Policy zone: DMA32
[    0.000000] Kernel command line: BOOT_IMAGE=/boot/vmlinuz-4.4.0-154-generic root=LABEL=cloudimg-rootfs ro console=tty1 console=ttyS0
[    0.000000] PID hash table entries: 2048 (order: 2, 16384 bytes)
[    0.000000] Memory: 481380K/523832K available (8613K kernel code, 1335K rwdata, 4028K rodata, 1484K init, 1284K bss, 42452K reserved, 0K cma-reserved)
[    0.000000] SLUB: HWalign=64, Order=0-3, MinObjects=0, CPUs=4, Nodes=1
[    0.000000] Kernel/User page tables isolation: enabled
[    0.000000] Hierarchical RCU implementation.
[    0.000000] 	Build-time adjustment of leaf fanout to 64.
[    0.000000] 	RCU restricting CPUs from NR_CPUS=512 to nr_cpu_ids=4.
[    0.000000] RCU: Adjusting geometry for rcu_fanout_leaf=64, nr_cpu_ids=4
[    0.000000] NR_IRQS:33024 nr_irqs:456 16
[    0.000000] Console: colour VGA+ 80x25
[    0.000000] console [tty1] enabled
[    0.000000] console [ttyS0] enabled
[    0.000000] tsc: Detected 2992.498 MHz processor
[    1.769626] Calibrating delay loop (skipped) preset value.. 5984.99 BogoMIPS (lpj=11969992)
[    1.772510] pid_max: default: 32768 minimum: 301
[    1.774032] ACPI: Core revision 20150930
[    1.776703] ACPI: 2 ACPI AML tables successfully acquired and loaded
[    1.778853] Security Framework initialized
[    1.780275] Yama: becoming mindful.
[    1.781644] AppArmor: AppArmor initialized
[    1.783190] Dentry cache hash table entries: 65536 (order: 7, 524288 bytes)
[    1.785413] Inode-cache hash table entries: 32768 (order: 6, 262144 bytes)
[    1.787509] Mount-cache hash table entries: 1024 (order: 1, 8192 bytes)
[    1.789470] Mountpoint-cache hash table entries: 1024 (order: 1, 8192 bytes)
[    1.791906] Initializing cgroup subsys io
[    1.793315] Initializing cgroup subsys memory
[    1.814025] Initializing cgroup subsys devices

[    1.815586] Initializing cgroup subsys freezer
[    1.817092] Initializing cgroup subsys net_cls
[    1.818602] Initializing cgroup subsys perf_event
[    1.820147] Initializing cgroup subsys net_prio
[    1.821687] Initializing cgroup subsys hugetlb
[    1.823172] Initializing cgroup subsys pids
[    1.824742] mce: CPU supports 0 MCE banks
[    1.826213] Last level iTLB entries: 4KB 128, 2MB 4, 4MB 4
[    1.827923] Last level dTLB entries: 4KB 256, 2MB 0, 4MB 32, 1GB 0
[    1.856127] Spectre V2 : Mitigation: Full generic retpoline
[    1.857897] Spectre V2 : Spectre v2 / SpectreRSB mitigation: Filling RSB on context switch
[    1.894207] Speculative Store Bypass: Vulnerable
[    1.896655] MDS: Vulnerable: Clear CPU buffers attempted, no microcode
[    1.902175] Freeing SMP alternatives memory: 36K
[    1.963635] ftrace: allocating 32299 entries in 127 pages
[    2.100321] smpboot: APIC(0) Converting physical 0 to logical package 0
[    2.223912] smpboot: Max logical packages: 1
[    2.256889] x2apic enabled
[    2.258539] Switched APIC routing to physical x2apic.
[    2.294308] ..TIMER: vector=0x30 apic1=0 pin1=2 apic2=-1 pin2=-1
[    2.490974] smpboot: CPU0: Intel(R) Core(TM)2 Duo CPU     E8400  @ 3.00GHz (family: 0x6, model: 0x17, stepping: 0xa)
[    2.633033] Performance Events: unsupported p6 CPU model 23 no PMU driver, software events only.
[    2.773549] KVM setup paravirtual spinlock
[    2.849008] x86: Booting SMP configuration:
[    2.850440] .... node  #0, CPUs:      #1
[    2.851826] kvm-clock: cpu 1, msr 0:1ffe3041, secondary cpu clock
[    2.859019] mce: CPU supports 0 MCE banks
[    2.863055]  #2
[    2.863711] kvm-clock: cpu 2, msr 0:1ffe3081, secondary cpu clock
[    2.871997] mce: CPU supports 0 MCE banks
[    2.875296]  #3
[    2.875929] kvm-clock: cpu 3, msr 0:1ffe30c1, secondary cpu clock
[    2.885756] mce: CPU supports 0 MCE banks
[    2.888952] x86: Booted up 1 node, 4 CPUs
[    2.890835] smpboot: Total of 4 processors activated (23939.98 BogoMIPS)
[    2.894548] devtmpfs: initialized
[    2.898541] evm: security.selinux
[    2.899818] evm: security.SMACK64
[    2.901058] evm: security.SMACK64EXEC
[    2.902387] evm: security.SMACK64TRANSMUTE
[    2.903800] evm: security.SMACK64MMAP
[    2.906229] evm: security.ima
[    2.912573] evm: security.capability
[    2.919445] clocksource: jiffies: mask: 0xffffffff max_cycles: 0xffffffff, max_idle_ns: 7645041785100000 ns
[    2.939372] futex hash table entries: 1024 (order: 4, 65536 bytes)
[    2.942602] pinctrl core: initialized pinctrl subsystem
[    2.949651] RTC time: 17:09:21, date: 08/08/19
[    2.951697] NET: Registered protocol family 16
[    2.961367] cpuidle: using governor ladder
[    2.971097] cpuidle: using governor menu
[    2.972582] PCCT header not found.
[    2.973941] ACPI: bus type PCI registered
[    2.975345] acpiphp: ACPI Hot Plug PCI Controller Driver version: 0.5
[    2.978514] PCI: Using configuration type 1 for base access
[    2.992113] ACPI: Added _OSI(Module Device)
[    2.999969] ACPI: Added _OSI(Processor Device)
[    3.006801] ACPI: Added _OSI(3.0 _SCP Extensions)
[    3.008362] ACPI: Added _OSI(Processor Aggregator Device)
[    3.010905] ACPI: Executed 1 blocks of module-level executable AML code
[    3.015554] ACPI: Interpreter enabled
[    3.016891] ACPI: (supports S0 S5)
[    3.018163] ACPI: Using IOAPIC for interrupt routing
[    3.041251] PCI: Using host bridge windows from ACPI; if necessary, use "pci=nocrs" and report a bug
[    3.048858] ACPI: PCI Root Bridge [PCI0] (domain 0000 [bus 00-ff])
[    3.086769] acpi PNP0A03:00: _OSC: OS supports [ASPM ClockPM Segments MSI]
[    3.121999] acpi PNP0A03:00: _OSC: not requesting OS control; OS requires [ExtendedConfig ASPM ClockPM MSI]
[    3.173016] acpi PNP0A03:00: fail to add MMCONFIG information, can't access extended PCI configuration space under this bridge.
[    3.206821] PCI host bridge to bus 0000:00
[    3.208264] pci_bus 0000:00: root bus resource [io  0x0000-0x0cf7 window]
[    3.210253] pci_bus 0000:00: root bus resource [io  0x0d00-0xffff window]
[    3.229639] pci_bus 0000:00: root bus resource [mem 0x000a0000-0x000bffff window]
[    3.260214] pci_bus 0000:00: root bus resource [mem 0x20000000-0xfdffffff window]
[    3.262800] pci_bus 0000:00: root bus resource [bus 00-ff]
[    3.266661] pci 0000:00:01.1: legacy IDE quirk: reg 0x10: [io  0x01f0-0x01f7]
[    3.279231] pci 0000:00:01.1: legacy IDE quirk: reg 0x14: [io  0x03f6]
[    3.281159] pci 0000:00:01.1: legacy IDE quirk: reg 0x18: [io  0x0170-0x0177]
[    3.327848] pci 0000:00:01.1: legacy IDE quirk: reg 0x1c: [io  0x0376]
[    3.382903] pci 0000:00:07.0: quirk: [io  0x4000-0x403f] claimed by PIIX4 ACPI
[    3.386599] pci 0000:00:07.0: quirk: [io  0x4100-0x410f] claimed by PIIX4 SMB
[    3.395132] ACPI: PCI Interrupt Link [LNKA] (IRQs 5 9 10 *11)
[    3.397824] ACPI: PCI Interrupt Link [LNKB] (IRQs 5 9 *10 11)
[    3.400254] ACPI: PCI Interrupt Link [LNKC] (IRQs 5 *9 10 11)
[    3.408049] ACPI: PCI Interrupt Link [LNKD] (IRQs 5 9 10 *11)
[    3.416810] ACPI: Enabled 2 GPEs in block 00 to 07
[    3.446321] vgaarb: setting as boot device: PCI:0000:00:02.0
[    3.449280] vgaarb: device added: PCI:0000:00:02.0,decodes=io+mem,owns=io+mem,locks=none
[    3.458469] vgaarb: loaded
[    3.459608] vgaarb: bridge control possible 0000:00:02.0
[    3.462991] SCSI subsystem initialized
[    3.464896] ACPI: bus type USB registered
[    3.466360] usbcore: registered new interface driver usbfs
[    3.468120] usbcore: registered new interface driver hub
[    3.475200] usbcore: registered new device driver usb
[    3.478438] PCI: Using ACPI for IRQ routing
[    3.480616] NetLabel: Initializing
[    3.481905] NetLabel:  domain hash size = 128
[    3.483389] NetLabel:  protocols = UNLABELED CIPSOv4
[    3.486121] NetLabel:  unlabeled traffic allowed by default
[    3.488254] amd_nb: Cannot enumerate AMD northbridges
[    3.541174] clocksource: Switched to clocksource kvm-clock
[    3.555408] AppArmor: AppArmor Filesystem Enabled
[    3.562410] pnp: PnP ACPI init
[    3.564662] pnp: PnP ACPI: found 3 devices
[   3.578720] clocksource: acpi_pm: mask: 0xffffff max_cycles: 0xffffff, max_idle_ns: 2085701024 ns
[    3.612416] NET: Registered protocol family 2
[    3.614662] TCP established hash table entries: 4096 (order: 3, 32768 bytes)
[    3.616851] TCP bind hash table entries: 4096 (order: 4, 65536 bytes)
[    3.618888] TCP: Hash tables configured (established 4096 bind 4096)
[    3.620916] UDP hash table entries: 256 (order: 1, 8192 bytes)
[    3.622806] UDP-Lite hash table entries: 256 (order: 1, 8192 bytes)
[    3.624872] NET: Registered protocol family 1
[    3.626471] pci 0000:00:00.0: Limiting direct PCI/PCI transfers
[    3.628376] pci 0000:00:01.0: Activating ISA DMA hang workarounds
[    3.630591] Unpacking initramfs...

[   3.89996] Freeing initrd memory: 14828K
[    4.018709] clocksource: tsc: mask: 0xffffffffffffffff max_cycles: 0x2b2296bc2b9, max_idle_ns: 440795321505 ns
[    4.022042] platform rtc_cmos: registered platform RTC device (no PNP device found)
[    4.024889] Scanning for low memory corruption every 60 seconds

[    4.027584] audit: initializing netlink subsys (disabled)
[    4.029394] audit: type=2000 audit(1565284165.778:1): initialized
[    4.031712] Initialise system trusted keyring
[    4.033856] HugeTLB registered 2 MB page size, pre-allocated 0 pages
[    4.047883] zbud: loaded
[    4.049445] VFS: Disk quotas dquot_6.6.0
[    4.050941] VFS: Dquot-cache hash table entries: 512 (order 0, 4096 bytes)
[    4.053381] squashfs: version 4.0 (2009/01/31) Phillip Lougher
[    4.055685] fuse init (API version 7.23)
[    4.057393] Key type big_key registered
[    4.058824] Allocating IMA MOK and blacklist keyrings.
[    4.070704] Key type asymmetric registered
[    4.072189] Asymmetric key parser 'x509' registered
[    4.073945] Block layer SCSI generic (bsg) driver version 0.4 loaded (major 249)
[    4.076757] io scheduler noop registered
[    4.107341] io scheduler deadline registered (default)
[    4.207342] io scheduler cfq registered
[    4.208934] pci_hotplug: PCI Hot Plug PCI Core version: 0.5
[    4.255737] pciehp: PCI Express Hot Plug Controller Driver version: 0.4
[    4.258020] ACPI: AC Adapter [AC] (on-line)
[    4.259623] input: Power Button as /devices/LNXSYSTM:00/LNXPWRBN:00/input/input0
[    4.262400] ACPI: Power Button [PWRF]
[    4.263877] input: Sleep Button as /devices/LNXSYSTM:00/LNXSLPBN:00/input/input1
[    4.316473] ACPI: Sleep Button [SLPF]
[    4.318399] GHES: HEST is notenbled!
[    4.476146] Serial: 8250/16550 driver, 32 ports, IRQ sharing enabled
[    4.500768] 00:02: ttyS0 at I/O 0x3f8 (irq = 4, base_baud = 115200) is a 16550A
[    4.657716] Linux agpgart interface v0.103
[    4.662325] loop: module loaded
[    4.664535] scs host0: ata_piix
[    4.740582] scsi host1: atapiix
[    4.96588ata1: PATA max UDMA/33 cmd 0x1f0 ctl 0x3f6 bmdma 0xd000 irq 14
[  5.077379] ata2: PATA max UDMA/33 cmd 0x170 ctl 0x376 bmdma 0xd008 irq 15

[    5.140317] libphy: Fixed MDIO Bus: probed
[  5.146977] tun: Universal TUN/TAP device driver, 1.6
[    5.208790] tun: (C) 1999-2004 Max Krasnyansky <maxk@qualcomm.com>
[    5.210772] PPP generic driver version 2.4.2
[    5.212385] ehci_hcd: USB 2.0 'Enhanced' Host Controller (ECI) Driver
[    5.243824] ehci-pci: EHCI PCI platform driver
[    5.245339] ehci-platform: EHCI generic platform driver
[    5.247017] ohci_hcd: USB 1.1 'Open' Host Controller (OHCI) Driver
[    5.248891] ohci-pci: OHCI PCI platform driver
[    5.250409] ohci-platform: OHCI generic platform driver
[    5.252085] uhci_hcd: USB Universal Host Controller Interface driver
[    5.254086] i8042: PNP: PS/2 Controller [PNP0303:PS2K,PNP0f03:P2M] at 0x60,0x64 irq 1,12
[    5.348632] serio: i8042 KBD port at 0x60x4 irq 1
[  5.457756] serio: i8042 AUX port at 0x60,0x64 irq 12

[  5.520992] mousedev: PS/2 mouse device common for all mice
[    5.584526] input: AT Translated Set 2 keyboard as /devices/platform/i8042/serio0/input/input2
[    5.587772] rtc_cmos rtc_cmos: rtc core: registered rtc_cmos as rtc0
[    5.589921] rtc_cmos rtc_cmos: alarms up to one day, 114 bytes nvram
[    5.591929] i2c /dev entries driver
[    5.593379] device-mapper: uevent: version 1.0.3
[    5.595084] device-mapper: ioctl: 4.34.0-ioctl (2015-10-28) initialised: dm-devel@redhat.com
[    5.598079] ledtrig-cpu: registered to indicate activity on CPUs

[    5.601138] NET: Registered protocol family 10
[    5.625889] NET: Registered protocol family 17
[    5.627485] Key type dns_resolver registered
[    5.629440] registered taskstats version 1
[    5.630963] Loading compiled-in X.509 certificates
[    5.633659] Loaded X.509 cert 'Build time autogenerated kernel key: 65139e04a67245b562a838c28b5e7032abdd4348'
[    5.686688] zswap: loaded using pool lzo/zbud
[    5.701965] Key type trusted registered
[    5.729624] Key type encrypted registered
[    5.731105] AppArmor: AppArmor sha1 policy hashing enabled
[    5.732922] ima: No TPM chip found, activating TPM-bypass!
[    5.734828] ima: Allocated hash algorithm: sha1
[    5.736448] evm: HMAC attrs: 0x1
[    5.738253]   Magic number: 15:33:188
[    5.739835] rtc_cmos rtc_cmos: setting system clock to 2019-08-08 17:09:23 UTC (1565284163)
[    5.756940] BIOS EDD facility v0.16 2004-Jun-25, 0 devices found
[    5.846032] EDD informtiono available
 [    6.068694] Freeing unused kernel memory: 1484K
[    6.926386] Write protecting the kernel read-only data: 14336k
[    7.943622] Freeing unused kernel memory: 1616K
[    7.966285] Freeing unused kernel memory: 68K
Loading, please wait...
starting version 229
[    8.136272] random: systemd-udevd: uninitialized urandom read (16 bytes read, 3 bits of entropy available)
[    8.140048] random: udevadm: uninitialized urandom read (16 bytes read, 3 bits of entropy available)
[    8.140155] random: udevadm: uninitialized urandom read (16 bytes read, 3 bits of entropy available)
[    8.247117] random: systemd-udevd: uninitialized urandom read (16 bytes read, 3 bits of entropy available)
[    8.259222] random: systemd-udevd: uninitialized urandom read (16 bytes read, 3 bits of entropy available)
[    8.267843] random: udevadm: uninitialized urandom read (16 bytes read, 3 bits of entropy available)
[    8.268726] random: udevadm: uninitialized urandom read (16 bytes read, 3 bits of entropy available)
[    8.273826] random: udevadm: uninitialized urandom read (16 bytes read, 3 bits of entropy available)
[    8.274866] random: udevadm: uninitialized urandom read (16 bytes read, 3 bits of entropy available)
[    8.276032] random: udevadm: uninitialized urandom read (16 bytes read, 3 bits of entropy available)
[    9.087856] e1000: Intel(R) PRO/1000 Network Driver - version 7.3.21-k8-NAPI
[    9.099736] e1000: Copyright (c) 1999-2006 Intel Corporation.
[    9.154715] Fusion MPT base driver 3.04.20
[    9.226065] Copyright (c) 1999-2008 LSI Corporation
[    9.743668] Fusion MPT SPI Host driver 3.04.20
[    9.934245] e1000 0000:00:03.0 eth0: (PCI:33MHz:32-bit) 02:1e:e5:6d:71:21
[    9.936690] e1000 0000:00:03.0 eth0: Intel(R) PRO/1000 Network Connection
[    9.950980] mptbase: ioc0: Initiating bringup
[    9.962191] e1000 0000:00:03.0 enp0s3: renamed from eth0
[    9.982298] input: ImExPS/2 Generic Explorer Mouse as /devices/platform/i8042/serio1/input/input4
[   10.041521] ioc0: LSI53C1030 A0: Capabilities={Initiator}
[   10.756055] scsi host2: ioc0: LSI53C1030 A0, FwRev=00000000h, Ports=1, MaxQ=256, IRQ=20
[   11.607234] scsi 2:0:0:0: Direct-Access     VBOX     HARDDISK         1.0  PQ: 0 ANSI: 5
[   11.619259] scsi target2:0:0: Beginning Domain Validation
[   11.623866] scsi target2:0:0: Domain Validation skipping write tests
[   11.627202] scsi target2:0:0: Ending Domain Validation
[   11.633278] scsi target2:0:0: asynchronous
[   11.636548] scsi 2:0:1:0: Direct-Access     VBOX     HARDDISK         1.0  PQ: 0 ANSI: 5
[   11.640531] scsi target2:0:1: Beginning Domain Validation
[   11.645373] scsi target2:0:1: Domain Validation skipping write tests
[   11.648490] scsi target2:0:1: Ending Domain Validation
[   11.651514] scsi target2:0:1: asynchronous
[   11.694737] sd 2:0:0:0: [sda] 20971520 512-byte logical blocks: (10.7 GB/10.0 GiB)
[   11.710176] sd 2:0:0:0: Attached scsi generic sg0 type 0
[   11.717587] sd 2:0:0:0: [sda] Write Protect is off
[   11.717721] sd 2:0:0:0: [sda] Incomplete mode parameter data
[   11.717722] sd 2:0:0:0: [sda] Assuming drive cache: write through
[   11.739493]  sda: sda1
[   11.740213] sd 2:0:0:0: [sda] Attached SCSI disk
[   11.778363] sd 2:0:1:0: [sdb] 20480 512-byte logical blocks: (10.5 MB/10.0 MiB)
[   11.778588] sd 2:0:1:0: Attached scsi generic sg1 type 0
[   11.807776] sd 2:0:1:0: [sdb] Write Protect is off
[   11.955275] sd 2:0:1:0: [sdb] Incomplete mode parameter data
[   12.015262] sd 2:0:1:0: [sdb] Assuming drive cache: write through
[   12.077794] sd 2:0:1:0: [sdb] Attached SCSI disk
Begin: Loading essential drivers ... [   14.962457] md: linear personality registered for level -1
[   15.013236] md: multipath personality registered for level -4
[   15.086517] md: raid0 personality registered for level 0
[   15.125558] md: raid1 personality registered for level 1
[   15.257183] raid6: sse2x1   gen()  4707 MB/s
[   15.333128] raid6: sse2x1   xor()  4684 MB/s
[   15.401168] raid6: sse2x2   gen()  6241 MB/s
[   15.469156] raid6: sse2x2   xor()  5829 MB/s
[   15.541126] raid6: sse2x4   gen()  8674 MB/s
[   15.609198] raid6: sse2x4   xor()  6751 MB/s
[   15.610670] raid6: using algorithm sse2x4 gen() 8674 MB/s
[   15.612344] raid6: .... xor() 6751 MB/s, rmw enabled
[   15.613987] raid6: using ssse3x2 recovery algorithm
[   15.618193] xor: measuring software checksum speed
[   15.661185]    prefetch64-sse: 10848.000 MB/sec
[   15.701195]    generic_sse:  9408.000 MB/sec
[   15.702711] xor: using function: prefetch64-sse (10848.000 MB/sec)
[   15.707067] async_tx: api initialized (async)
[   15.808885] md: raid6 personality registered for level 6
[   15.811902] md: raid5 personality registered for level 5
[   15.815183] md: raid4 personality registered for level 4
[   15.906836] md: raid10 personality registered for level 10
done.
Begin: Running /scripts/init-premount ... done.
Begin: Mounting root file system ... Begin: Running /scripts/local-top ... done.
Begin: Running /scripts/local-premount ... [   16.114895] Btrfs loaded
Scanning for Btrfs filesystems
done.
Warning: fsck not present, so skipping root file system
[   16.447738] EXT4-fs (sda1): mounted filesystem with ordered data mode. Opts: (null)
done.
Begin: Running /scripts/local-bottom ... done.
Begin: Running /scripts/init-bottom ... done.
[   17.189717] random: nonblocking pool is initialized
[   17.457288] systemd[1]: systemd 229 running in system mode. (+PAM +AUDIT +SELINUX +IMA +APPARMOR +SMACK +SYSVINIT +UTMP +LIBCRYPTSETUP +GCRYPT +GNUTLS +ACL +XZ -LZ4 +SECCOMP +BLKID +ELFUTILS +KMOD -IDN)
[   17.627905] systemd[1]: Detected virtualization oracle.
[   17.630719] systemd[1]: Detected architecture x86-64.

Welcome to [1mUbuntu 16.04.6 LTS[0m!

[   17.732594] systemd[1]: Set hostname to <ubuntu-xenial>.
[   19.549882] systemd[1]: Listening on LVM2 metadata daemon socket.
[[0;32m  OK  [0m] Listening on LVM2 metadata daemon socket.
[   19.725915] systemd[1]: Listening on udev Control Socket.
[[0;32m  OK  [0m] Listening on udev Control Socket.
[   19.750372] systemd[1]: Set up automount Arbitrary Executable File Formats File System Automount Point.
[[0;32m  OK  [0m] Set up automount Arbitrary Executab...ats File System Automount Point.
[   19.945218] systemd[1]: Created slice User and Session Slice.
[[0;32m  OK  [0m] Created slice User and Session Slice.
[   19.973981] systemd[1]: Listening on Journal Socket.
[[0;32m  OK  [0m] Listening on Journal Socket.
[   19.999753] systemd[1]: Listening on Syslog Socket.
[[0;32m  OK  [0m] Listening on Syslog Socket.
[   20.034028] systemd[1]: Started Trigger resolvconf update for networkd DNS.
[[0;32m  OK  [0m] Started Trigger resolvconf update for networkd DNS.
[   20.095218] systemd[1]: Created slice System Slice.
[[0;32m  OK  [0m] Created slice System Slice.
[   20.558063] systemd[1]: Starting Set console keymap...
         Starting Set console keymap...
[   20.698188] systemd[1]: Starting Load Kernel Modules...
         Starting Load Kernel Modules...
[   20.750068] systemd[1]: Starting Remount Root and Kernel File Systems...
         Starting Remount Root and Kernel File Systems...
[   20.778078] systemd[1]: Mounting POSIX Message Queue File System...
         Mounting POSIX Message Queue File System...
[   20.802503] systemd[1]: Started Forward Password Requests to Wall Directory Watch.
[[0;32m  OK  [0m] Started Forward Password Requests to Wall Directory Watch.
[   20.829378] systemd[1]: Listening on Journal Audit Socket.
[[0;32m  OK  [0m] Listening on Journal Audit Socket.
[   20.847248] systemd[1]: Listening on Device-mapper event daemon FIFOs.
[[0;32m  OK  [[   20.850224] EXT4-fs (sda1): re-mounted. Opts: (null)
0m] Listening on Device-mapper event daemon FIFOs.
[   20.943215] Loading iSCSI transport class v2.0-870.
[   20.985007] iscsi: registered transport (tcp)
[   20.986647] systemd[1]: Starting Monitoring of LVM2 mirrors, snapshots etc. using dmeventd or progress polling...
         Starting Monitoring of LVM2 mirrors... dmeventd or progress polling...
[   21.132889] systemd[1]: Reached target Slices.
[[0;32m  OK  [0m] Reached target Slices.
[   21.155399] systemd[1]: Created slice system-serial\x2dgetty.slice.
[[0;32m  OK  [0m] Created slice system-serial\x2dgetty.slice.
[   21.339307] systemd[1]: Starting Uncomplicated firewall...
         Starting Uncomplicated firewall...
[   21.391413] systemd[1]: Listening on LVM2 poll daemon socket.
[[0;32m  OK  [0m] Listening on LVM2 poll daemon socket.
[   21.396879] systemd[1]: Listening on udev Kernel Socket.
[   21.397992] iscsi: registered transport (iser)
[[0;32m  OK  [0m] Listening on udev Kernel Socket.
[   21.417552] systemd[1]: Reached target Swap.
[[0;32m  OK  [0m] Reached target Swap.
[   21.445570] systemd[1]: Reached target System Time Synchronized.
[[0;32m  OK  [0m] Reached target System Time Synchronized.
[   21.755030] systemd[1]: Starting Nameserver information manager...
         Starting Nameserver information manager...
[   21.810148] systemd[1]: Reached target Encrypted Volumes.
[[0;32m  OK  [0m] Reached target Encrypted Volumes.
[   21.933876] systemd[1]: Mounting Debug File System...
         Mounting Debug File System...
[   21.995406] systemd[1]: Listening on Journal Socket (/dev/log).
[[0;32m  OK  [0m] Listening on Journal Socket (/dev/log).
[   22.047942] systemd[1]: Starting Journal Service...
         Starting Journal Service...
[   22.069443] systemd[1]: Starting Create list of required static device nodes for the current kernel...
         Starting Create list of required st... nodes for the current kernel...
[   22.102682] systemd[1]: Reached target User and Group Name Lookups.
[[0;32m  OK  [0m] Reached target User and Group Name Lookups.
[   22.927723] systemd[1]: Mounting Huge Pages File System...
         Mounting Huge Pages File System...
[   22.998610] systemd[1]: Listening on /dev/initctl Compatibility Named Pipe.
[[0;32m  OK  [0m] Listening on /dev/initctl Compatibility Named Pipe.
[   23.125181] systemd[1]: Mounted POSIX Message Queue File System.
[[0;32m  OK  [0m] Mounted POSIX Message Queue File System.
[   23.171042] systemd[1]: Mounted Huge Pages File System.
[[0;32m  OK  [0m] Mounted Huge Pages File System.
[   23.190538] systemd[1]: Mounted Debug File System.
[[0;32m  OK  [0m] Mounted Debug File System.
[   23.195109] systemd[1]: Started Journal Service.
[[0;32m  OK  [0m] Started Journal Service.
[[0;32m  OK  [0m] Started Set console keymap.
[[0;32m  OK  [0m] Started Load Kernel Modules.
[[0;32m  OK  [0m] Started Remount Root and Kernel File Systems.
[[0;32m  OK  [0m] Started Uncomplicated firewall.
[[0;32m  OK  [0m] Started Create list of required sta...ce nodes for the current kernel.
[[0;32m  OK  [0m] Started Nameserver information manager.
[[0;32m  OK  [0m] Started LVM2 metadata daemon.
         Starting Create Static Device Nodes in /dev...
         Starting udev Coldplug all Devices...
         Starting Load/Save Random Seed...
         Mounting FUSE Control File System...
         Starting Apply Kernel Variables...
         Starting Flush Journal to Persistent Storage...
[[0;32m  OK  [0m] Started Load/Save Random Seed.
[[0;32m  OK  [0m] Mounted FUSE Control File System.
[[0;32m  OK  [0m] Started Monitoring of LVM2 mirrors,...ng dmeventd or progress polling.
[[0;32m  OK  [0m] Started Create Static Device Nodes in /dev.
[[0;32m  OK  [0m] Started Apply Kernel Variables.
         Starting udev Kernel Device Manager...
[[0;32m  OK  [0m] Reached target Local File Systems (Pre).
[[0;32m  OK  [0m] Reached target Local File Systems.
         Starting Set console font and keymap...
         Starting Tell Plymouth To Write Out Runtime Data...
         Starting Initial cloud-init job (pre-networking)...
         Starting LSB: AppArmor initialization...
[[0;32m  OK  [0m] Started Flush Journal to Persistent Storage.
[[0;32m  OK  [0m] Started Tell Plymouth To Write Out Runtime Data.
[[0;32m  OK  [0m] Started udev Coldplug all Devices.
[[0;32m  OK  [0m] Started udev Kernel Device Manager.
[[0;32m  OK  [0m] Started Dispatch Password Requests to Console Directory Watch.
         Starting Create Volatile Files and Directories...
[[0;32m  OK  [0m] Started Create Volatile Files and Directories.
         Starting Update UTMP about System Boot/Shutdown...
[[0;32m  OK  [0m] Started Update UTMP about System Boot/Shutdown.
[[0;32m  OK  [0m] Found device /dev/ttyS0.
[[0;32m  OK  [0m] Started LSB: AppArmor initialization.
[[0;32m  OK  [0m] Listening on Load/Save RF Kill Switch Status /dev/rfkill Watch.
[[0;32m  OK  [0m] Found device 82540EM Gigabit Ethern...r (PRO/1000 MT Desktop Adapter).
[   47.437654] cloud-init[485]: Cloud-init v. 19.1-1-gbaa47854-0ubuntu1~16.04.1 running 'init-local' at Thu, 08 Aug 2019 17:10:03 +0000. Up 42.62 seconds.
[[0;32m  OK  [0m] Started Initial cloud-init job (pre-networking).
[[0;32m  OK  [0m] Reached target Network (Pre).
         Starting Raise network interfaces...
[[0;32m  OK  [0m] Started ifup for enp0s3.
[[0;32m  OK  [0m] Started Set console font and keymap.
[[0;32m  OK  [0m] Created slice system-getty.slice.
[[0;32m  OK  [0m] Started Raise network interfaces.
         Starting Initial cloud-init job (metadata service crawler)...
[[0;32m  OK  [0m] Reached target Network.
[   54.216816] cloud-init[995]: Cloud-init v. 19.1-1-gbaa47854-0ubuntu1~16.04.1 running 'init' at Thu, 08 Aug 2019 17:10:13 +0000. Up 52.53 seconds.
[   54.324634] cloud-init[995]: ci-info: ++++++++++++++++++++++++++++++++++++++Net device info++++++++++++++++++++++++++++++++++++++
[   54.421626] cloud-init[995]: ci-info: +--------+------+----------------------------+---------------+--------+-------------------+
[   54.481884] cloud-init[995]: ci-info: | Device |  Up  |          Address           |      Mask     | Scope  |     Hw-Address    |
[[0;32m  OK  [0m] Started Initial cloud-init job (metadata service crawler).
[   54.507804] cloud-init[995]: ci-info: +--------+------+----------------------------+---------------+--------+-------------------+
[   54.818197] [cloud-init[0;32m  OK  [0m[995]: ] ci-info: | enp0s3 | True |         10.0.2.15          | 255.255.255.0 | global | 02:1e:e5:6d:71:21 |Reached target System Initialization.

[[0;32m  OK  [0m] Started ACPI Events Check.
[   54.860146] [cloud-init[0;32m  OK  [0m[995]: ] ci-info: | enp0s3 | True | fe80::1e:e5ff:fe6d:7121/64 |       .       |  link  | 02:1e:e5:6d:71:21 |Reached target Paths.

[   54.967513] [cloud-init[0;32m  OK  [0m[995]: ] ci-info: |   lo   | True |         127.0.0.1          |   255.0.0.0   |  host  |         .         |Listening on ACPID Listen Socket.

[   54.968079] [cloud-init[0;32m  OK  [0m[995]: ] ci-info: |   lo   | True |          ::1/128           |       .       |  host  |         .         |Listening on D-Bus System Message Bus Socket.

[   55.175221] [cloud-init[0;32m  OK  [0m[995]: ] ci-info: +--------+------+----------------------------+---------------+--------+-------------------+Listening on UUID daemon activation socket.

[   55.206037] cloud-init[995]: ci-info: +++++++++++++++++++++++++++Route IPv4 info++++++++++++++++++++++++++++
[   55.211980] [cloud-init[0;32m  OK  [0m[995]: ] ci-info: +-------+-------------+----------+---------------+-----------+-------+Started Daily apt download activities.

[   55.212611] cloud-init[995]: ci-info: | Route | Destination | Gateway  |    Genmask    | Interface | Flags |
[   55.634474]          cloud-initStarting LXD - unix socket.[995]: 
ci-info: +-------+-------------+----------+---------------+-----------+-------+
[   55.655251] [cloud-init[0;32m  OK  [0m[995]: ] ci-info: |   0   |   0.0.0.0   | 10.0.2.2 |    0.0.0.0    |   enp0s3  |   UG  |Started Daily Cleanup of Temporary Directories.

[   55.756540] cloud-init[995]: ci-info: |   1   |   10.0.2.0  | 0.0.0.0  | 255.255.255.0 |   enp0s3  |   U   |
[   55.757983] cloud-init[995]: ci-info: +-------+-------------+----------+---------------+-----------+-------+
[[0;32m  OK  [0m] Started Daily apt upgrade and clean activities.
[   55.758286] [cloud-init[0;32m  OK  [0m[995]: ] ci-info: +++++++++++++++++++Route IPv6 info+++++++++++++++++++Reached target Timers.

         Starting Socket activation for snappy daemon.
[[0;32m  OK  [0m] Reached target Network is Online.
[   56.253578] cloud-init[995]: ci-info: +-------+-------------+---------+-----------+-------+
[   56.564378] cloud-init[995]: ci-info: | Route | Destination | Gateway | Interface | Flags |
[   56.648331]          cloud-initStarting iSCSI initiator daemon (iscsid)...[995]: 
ci-info: +-------+-------------+---------+-----------+-------+
[   56.748266] [cloud-init[0;32m  OK  [0m] Reached target Cloud-config availability.
[995]: ci-info: |   0   |  fe80::/64  |    ::   |   enp0s3  |   U   |
[   56.768808] [cloud-init[0;32m  OK  [0m[995]: ] Listening on LXD - unix socket.
ci-info: |   4   |   ff00::/8  |    ::   |   enp0s3  |   U   |
[   56.808417] cloud-init[995]: ci-info: +-------+-------------+---------+-----------+-------+
[[0;32m  OK  [0m] Listening on Socket activation for snappy daemon.
[[0;32m  OK  [0m] Started iSCSI initiator daemon (iscsid).
         Starting Login to default iSCSI targets...
[[0;32m  OK  [0m] Reached target Sockets.
[[0;32m  OK  [0m] Reached target Basic System.
[[0;32m  OK  [0m] Started ACPI event daemon.
         Starting Accounts Service...
[[0;32m  OK  [0m] Started Deferred execution scheduler.
[[0;32m  OK  [0m] Started D-Bus System Message Bus.
         Starting Login Service...
[[0;32m  OK  [0m] Started Regular background program processing daemon.
         Starting LSB: Record successful boot for GRUB...
         Starting LSB: MD monitoring daemon...
[[0;32m  OK  [0m] Started FUSE filesystem for LXC.
         Starting Snappy daemon...
         Starting System Logging Service...
         Starting OpenBSD Secure Shell server...
         Starting /etc/rc.local Compatibility...
         Starting Virtualbox guest utils...
         Starting LXD - container startup/shutdown...
[[0;32m  OK  [0m] Started System Logging Service.
[[0;32m  OK  [0m] Started /etc/rc.local Compatibility.
[[0;32m  OK  [0m] Started Login to default iSCSI targets.
[[0;32m  OK  [0m] Started OpenBSD Secure Shell server.
[[0;32m  OK  [0m] Started Login Service.
[[0;32m  OK  [0m] Started Unattended Upgrades Shutdown.
         Starting Authenticate and Authorize Users to Run Privileged Tasks...
[[0;32m  OK  [0m] Reached target Remote File Systems (Pre).
[[0;32m  OK  [0m] Reached target Remote File Systems.
         Starting LSB: automatic crash report generation...
         Starting LSB: daemon to balance interrupts for SMP systems...
         Starting Permit User Sessions...
         Starting LSB: Set the CPU Frequency Scaling governor to "ondemand"...
[[0;32m  OK  [0m] Started LSB: Record successful boot for GRUB.
[[0;32m  OK  [0m] Started Permit User Sessions.
         Starting Hold until boot process finishes up...
         Starting Terminate Plymouth Boot Screen...
[[0;32m  OK  [0m] Started LSB: MD monitoring daemon.
[[0;32m  OK  [0m] Started Terminate Plymouth Boot Screen.
[[0;32m  OK  [0m] Started Hold until boot process finishes up.
         Starting Set console scheme...
[[0;32m  OK  [0m] Started Getty on tty1.
[[0;32m  OK  [0m] Started Serial Getty on ttyS0.
[[0;32m  OK  [0m] Reached target Login Prompts.
[[0;32m  OK  [0m] Started LXD - container startup/shutdown.
[[0;32m  OK  [0m] Started Set console scheme.
[[0;32m  OK  [0m] Started LSB: Set the CPU Frequency Scaling governor to "ondemand".
[[0;32m  OK  [0m] Started Authenticate and Authorize Users to Run Privileged Tasks.
[[0;32m  OK  [0m] Started Accounts Service.
[[0;32m  OK  [0m] Created slice User Slice of vagrant.
         Starting User Manager for UID 1000...
[[0;32m  OK  [0m] Started Session 1 of user vagrant.
[[0;32m  OK  [0m] Started LSB: automatic crash report generation.
[[0;32m  OK  [0m] Started LSB: daemon to balance interrupts for SMP systems.
[[0;32m  OK  [0m] Started User Manager for UID 1000.
[[0;32m  OK  [0m] Started Virtualbox guest utils.
[[0;32m  OK  [0m] Started Snappy daemon.
         Starting Wait until snapd is fully seeded...
[[0;32m  OK  [0m] Started Wait until snapd is fully seeded.
[[0;32m  OK  [0m] Reached target Multi-User System.
[[0;32m  OK  [0m] Reached target Graphical Interface.
         Starting Update UTMP about System Runlevel Changes...
         Starting Apply the settings specified in cloud-config...

Ubuntu 16.04.6 LTS ubuntu-xenial ttyS0

ubuntu-xenial login: [   77.779473] cloud-init[1323]: Cloud-init v. 19.1-1-gbaa47854-0ubuntu1~16.04.1 running 'modules:config' at Thu, 08 Aug 2019 17:10:37 +0000. Up 77.12 seconds.
[   79.885409] cloud-init[1422]: Cloud-init v. 19.1-1-gbaa47854-0ubuntu1~16.04.1 running 'modules:final' at Thu, 08 Aug 2019 17:10:40 +0000. Up 79.26 seconds.
[   79.886860] cloud-init[1422]: Cloud-init v. 19.1-1-gbaa47854-0ubuntu1~16.04.1 finished at Thu, 08 Aug 2019 17:10:40 +0000. Datasource DataSourceNoCloud [seed=/dev/sdb][dsmode=net].  Up 79.86 seconds
         Stopping User Manager for UID 1000...
         Stopping Authenticate and Authorize Users to Run Privileged Tasks...
[[0;32m  OK  [0m] Stopped target Timers.
[[0;32m  OK  [0m] Stopped target Graphical Interface.
[[0;32m  OK  [0m] Stopped target Cloud-init target.
         Stopping Accounts Service...
[[0;32m  OK  [0m] Closed Load/Save RF Kill Switch Status /dev/rfkill Watch.
[[0;32m  OK  [0m] Stopped Daily apt upgrade and clean activities.
[[0;32m  OK  [0m] Stopped Daily apt download activities.
         Stopping Session 3 of user vagrant.
[[0;32m  OK  [0m] Stopped Daily Cleanup of Temporary Directories.
         Stopping ACPI event daemon...
[[0;32m  OK  [0m] Stopped target System Time Synchronized.
[[0;32m  OK  [0m] Stopped Execute cloud user/final scripts.
[[0;32m  OK  [0m] Stopped target Multi-User System.
         Stopping D-Bus System Message Bus...
         Stopping LSB: Record successful boot for GRUB...
         Stopping Regular background program processing daemon...
         Stopping LSB: Set the CPU Frequency Scaling governor to "ondemand"...
         Stopping LSB: MD monitoring daemon...
[[0;32m  OK  [0m] Stopped target Login Prompts.
         Stopping Getty on tty1...
       o         Stopping OpenBSD Secure Shell server...
         Stopping System Logging Service...
         Stopping LSB: daemon to balance interrupts for SMP systems...
         Stopping Unattended Upgrades Shutdown...
         Stopping Deferred execution scheduler...
         Stopping FUSE filesystem for LXC...
         Stopping Virtualbox guest utils...
[[0;32m  OK  [0m] Stopped Apply the settings specified in cloud-config.
[[0;32m  OK  [0m] Stopped Wait until snapd is fully seeded.
[[0;32m  OK  [0m] Stopped target Cloud-config availability.
         Stopping LXD - container startup/shutdown...
         Stopping LSB: automatic crash report generation...
[[0;32m  OK  [0m] Unmounted /var/lib/lxcfs.
[[0;32m  OK  [0m] Stopped ACPI event daemon.
[[0;32m  OK  [0m] Stopped Accounts Service.
[[0;32m  OK  [0m] Stopped Deferred execution scheduler.
[[0;32m  OK  [0m] Stopped Regular background program processing daemon.
[[0;32m  OK  [0m] Stopped System Logging Service.
[[0;32m  OK  [0m] Stopped OpenBSD Secure Shell server.
[[0;32m  OK  [0m] Stopped Unattended Upgrades Shutdown.
[[0;32m  OK  [0m] Stopped Authenticate and Authorize Users to Run Privileged Tasks.
[[0;32m  OK  [0m] Stopped Getty on tty1.
[[0;32m  OK  [0m] Stopped Serial Getty on ttyS0.
[[0;32m  OK  [0m] Stopped User Manager for UID 1000.
[[0;32m  OK  [0m] Stopped D-Bus System Message Bus.
[[0;32m  OK  [0m] Stopped Session 3 of user vagrant.
[[0;32m  OK  [0m] Stopped FUSE filesystem for LXC.
[[0;32m  OK  [0m] Stopped LSB: Set the CPU Frequency Scaling governor to "ondemand".
[[0;32m  OK  [0m] Stopped LSB: Record successful boot for GRUB.
[[0;32m  OK  [0m] Stopped LXD - container startup/shutdown.
[[0;32m  OK  [0m] Stopped LSB: daemon to balance interrupts for SMP systems.
[[0;32m  OK  [0m] Removed slice User Slice of vagrant.
[[0;32m  OK  [0m] Removed slice system-serial\x2dgetty.slice.
[[0;32m  OK  [0m] Removed slice system-getty.slice.
         Stopping Permit User Sessions...
[[0;32m  OK  [0m] Stopped /etc/rc.local Compatibility.
         Stopping Login Service...
[[0;32m  OK  [0m] Stopped LSB: MD monitoring daemon.
[[0;32m  OK  [0m] Stopped LSB: automatic crash report generation.
[[0;32m  OK  [0m] Stopped Login Service.
[[0;32m  OK  [0m] Stopped Virtualbox guest utils.
[[0;32m  OK  [0m] Stopped Permit User Sessions.
[[0;32m  OK  [0m] Stopped target User and Group Name Lookups.
[[0;32m  OK  [0m] Stopped target Remote File Systems.
[[0;32m  OK  [0m] Stopped target Remote File Systems (Pre).
         Stopping Login to default iSCSI targets...
[[0;32m  OK  [0m] Stopped target Basic System.
[[0;32m  OK  [0m] Stopped target Slices.
[[0;32m  OK  [0m] Removed slice User and Session Slice.
[[0;32m  OK  [0m] Stopped target Paths.
[[0;32m  OK  [0m] Stopped Forward Password Requests to Wall Directory Watch.
[[0;32m  OK  [0m] Stopped ACPI Events Check.
[[0;32m  OK  [0m] Stopped Dispatch Password Requests to Console Directory Watch.
[[0;32m  OK  [0m] Stopped target Sockets.
[[0;32m  OK  [0m] Closed UUID daemon activation socket.
[[0;32m  OK  [0m] Closed Syslog Socket.
[[0;32m  OK  [0m] Closed ACPID Listen Socket.
[[0;32m  OK  [0m] Closed Socket activation for snappy daemon.
[[0;32m  OK  [0m] Closed LXD - unix socket.
[[0;32m  OK  [0m] Closed D-Bus System Message Bus Socket.
[[0;32m  OK  [0m] Stopped target System Initialization.
         Stopping Update UTMP about System Boot/Shutdown...
[[0;32m  OK  [0m] Stopped target Swap.
[[0;32m  OK  [0m] Stopped target Encrypted Volumes.
         Stopping Load/Save Random Seed...
[[0;32m  OK  [0m] Stopped Load/Save Random Seed.
[[0;32m  OK  [0m] Stopped Update UTMP about System Boot/Shutdown.
[[0;32m  OK  [0m] Stopped Create Volatile Files and Directories.
[[0;32m  OK  [0m] Stopped Login to default iSCSI targets.
         Stopping iSCSI initiator daemon (iscsid)...
[[0;32m  OK  [0m] Stopped iSCSI initiator daemon (iscsid).
[[0;32m  OK  [0m] Stopped target Network is Online.
[[0;32m  OK  [0m] Stopped Initial cloud-init job (metadata service crawler).
[[0;32m  OK  [0m] Stopped target Network.
         Stopping Raise network interfaces...
[[0;32m  OK  [0m] Stopped Raise network interfaces.
[[0;32m  OK  [0m] Stopped target Network (Pre).
[[0;32m  OK  [0m] Stopped Initial cloud-init job (pre-networking).
[[0;32m  OK  [0m] Stopped Apply Kernel Variables.
[[0;32m  OK  [0m] Stopped target Local File Systems.
         Unmounting /vagrant...
         Unmounting /run/user/1000...
[[0;32m  OK  [0m] Stopped Load Kernel Modules.
[[0;32m  OK  [0m] Unmounted /vagrant.
[[0;32m  OK  [0m] Unmounted /run/user/1000.
[[0;32m  OK  [0m] Reached target Unmount All Filesystems.
[[0;32m  OK  [0m] Stopped target Local File Systems (Pre).
         Stopping Monitoring of LVM2 mirrors... dmeventd or progress polling...
[[0;32m  OK  [0m] Stopped Create Static Device Nodes in /dev.
[[0;32m  OK  [0m] Stopped Remount Root and Kernel File Systems.
[[0;32m  OK  [0m] Reached target Shutdown.
[  116.984687]reboot: Power down

